[backblue.gif]
[fade.gif]
[index.html]
[api.adinplay.com/libs/aiptag/pub/MIN/agar.io/tag.min.js]
[agar.io/favicon-32x32.png]
[connect.facebook.net/en_US/fbevents.js]
[agar.io/bundle_commons.b468163ba6df4fd18aa2.js]
[agar.io/bundle_start.d8847cfc34ebe33e76e6.js]
[agar.io/mc/agario4bdb.js]
[connect.facebook.net/en_US/sdk.js]
[imasdk.googleapis.com/js/sdkloader/f.txt]
[static.zdassets.com/ekr/snippet2f39.js]
[agar.io/agario.coref690.js]
[agar.io/bundle_end.cf164fea0769e85416c2.js]
[www.google-analytics.com/cx/api9b23.js]
[cdn.applixir.com/applixir.sdk3.0m.js]
[agar.io/index.html]
[connect.facebook.net/en_US/fbevents.js]
[agar.io/fonts/Oxygen-Bold.eot]
[agar.io/fonts/Oxygen-Boldd41d.eot]
[agar.io/fonts/Oxygen-Bold.svg]
[agar.io/fonts/Oxygen-Bold.woff]
[agar.io/fonts/Oxygen-Bold.ttf]
[agar.io/fonts/Oxygen.eot]
[agar.io/fonts/Oxygend41d.eot]
[agar.io/fonts/Oxygen.svg]
[agar.io/fonts/Oxygen.woff]
[agar.io/fonts/Oxygen.ttf]
[s3-eu-west-1.amazonaws.com/assets.cookieconsent.silktide.com/cookie-consent-logo.png]
[agar.io/img/background.png]
[agar.io/img/controller.png]
[agar.io/css/styles.d8847cfc34ebe33e76e6.css]
[connect.facebook.net/en_US/sdk.js]
[agar.io/a.html]
[agar.io/POST.html]
[agar.io/schema.org/index.html]
[agar.io/b.html]
[agar.io/d.html]
[agar.io/signals/iwl.html]
[agar.io/c.html]
[agar.io/c-2.html]
[agar.io/fonts/Oxygen-Bold.svg]
[agar.io/fonts/Oxygen.svg]
[s3-eu-west-1.amazonaws.com/assets.cookieconsent.silktide.com/cross.png]
[s3-eu-west-1.amazonaws.com/assets.cookieconsent.silktide.com/silktide-logo.png]
[s3-eu-west-1.amazonaws.com/assets.cookieconsent.silktide.com/globe.png]
[s3-eu-west-1.amazonaws.com/assets.cookieconsent.silktide.com/modal-close.png]
[s.ssacdn.com/inlineDelivery/images/background2.png]
